<testsuites name="results">
  <testsuite name="all" package="all">
    <property name="random_seed" value="1787762182" />
    <testcase name="test_doorbell_write" classname="tests.test_nvme_regs" file="/home/ilya/TestVerilog/tests/test_nvme_regs.py" lineno="5" time="0.0008966922760009766" sim_time_ns="40.0" ratio_time="44608.391385269875" />
  </testsuite>
</testsuites>